 myBERToolMex_x

 Timestamp is 512b68a4 (Mon Feb 25 08:35:32 2013)

 Preferred load address is 0000000180000000

 Start         Length     Name                   Class
 0001:00000000 00001700H .text                   CODE
 0001:00001700 00000092H .text$x                 CODE
 0002:00000000 000001f0H .idata$5                DATA
 0002:000001f0 00000008H .CRT$XCA                DATA
 0002:000001f8 00000008H .CRT$XCZ                DATA
 0002:00000200 00000008H .CRT$XIA                DATA
 0002:00000208 00000008H .CRT$XIAA               DATA
 0002:00000210 00000008H .CRT$XIZ                DATA
 0002:00000220 000004a8H .rdata                  DATA
 0002:000006c8 00000008H .rtc$IAA                DATA
 0002:000006d0 00000008H .rtc$IZZ                DATA
 0002:000006d8 00000008H .rtc$TAA                DATA
 0002:000006e0 00000008H .rtc$TZZ                DATA
 0002:000006e8 00000178H .xdata                  DATA
 0002:00000860 00000078H .idata$2                DATA
 0002:000008d8 00000014H .idata$3                DATA
 0002:000008f0 000001f0H .idata$4                DATA
 0002:00000ae0 00000492H .idata$6                DATA
 0002:00000f80 000000ceH .edata                  DATA
 0003:00000000 00000240H .data                   DATA
 0003:00000240 00000050H .bss                    DATA
 0004:00000000 00000174H .pdata                  DATA

  Address         Publics by Value              Rva+Base               Lib:Object

 0000:00000000       ___safe_se_handler_count   0000000000000000     <absolute>
 0000:00000000       ___safe_se_handler_table   0000000000000000     <absolute>
 0000:00000000       __ImageBase                0000000180000000     <linker-defined>
 0001:00000000       myBERToolMex_initialize    0000000180001000 f   myBERToolMex_initialize.obj
 0001:00000080       myBERToolMex_atexit        0000000180001080 f   myBERToolMex_terminate.obj
 0001:000000d0       myBERToolMex_terminate     00000001800010d0 f   myBERToolMex_terminate.obj
 0001:00000340       myBERToolMex               0000000180001340 f   myBERToolMex.obj
 0001:000006c0       filter                     00000001800016c0 f   filter.obj
 0001:00000b50       myBERToolMex_api           0000000180001b50 f   myBERToolMex_api.obj
 0001:00000d40       myBERToolMex_atexit_wrapper 0000000180001d40 f   myBERToolMex_mex.obj
 0001:00000d50       mexFunction                0000000180001d50 f   myBERToolMex_mex.obj
 0001:00000da0       emlrtMexFcnProperties      0000000180001da0 f   myBERToolMex_mex.obj
 0001:00000eda       mxCreateDoubleScalar       0000000180001eda f   libmx:libmx.dll
 0001:00000ee0       mxCreateCharArray_700      0000000180001ee0 f   libmx:libmx.dll
 0001:00000ee6       mxGetPr                    0000000180001ee6 f   libmx:libmx.dll
 0001:00000eec       mxCreateNumericArray_700   0000000180001eec f   libmx:libmx.dll
 0001:00000ef2       mxGetData                  0000000180001ef2 f   libmx:libmx.dll
 0001:00000ef8       mxFree                     0000000180001ef8 f   libmx:libmx.dll
 0001:00000efe       mxCalloc                   0000000180001efe f   libmx:libmx.dll
 0001:00000f04       mxSetFieldByNumber_700     0000000180001f04 f   libmx:libmx.dll
 0001:00000f0a       mxCreateString             0000000180001f0a f   libmx:libmx.dll
 0001:00000f10       mxCreateLogicalMatrix_700  0000000180001f10 f   libmx:libmx.dll
 0001:00000f16       mxCreateStructMatrix_700   0000000180001f16 f   libmx:libmx.dll
 0001:00000f1c       mexErrMsgIdAndTxt          0000000180001f1c f   libmex:libmex.dll
 0001:00000f22       mexAtExit                  0000000180001f22 f   libmex:libmex.dll
 0001:00000f28       emlrtFirstTimeR2012b       0000000180001f28 f   libemlrt:libemlrt.dll
 0001:00000f2e       emlrtLicenseCheckR2012b    0000000180001f2e f   libemlrt:libemlrt.dll
 0001:00000f34       emlrtEnterRtStackR2012b    0000000180001f34 f   libemlrt:libemlrt.dll
 0001:00000f3a       emlrtClearAllocCountR2012b 0000000180001f3a f   libemlrt:libemlrt.dll
 0001:00000f40       emlrtCreateRootTLS         0000000180001f40 f   libemlrt:libemlrt.dll
 0001:00000f46       emlrtGetBreakCheckFlagAddressR2012b 0000000180001f46 f   libemlrt:libemlrt.dll
 0001:00000f4c       emlrtDestroyRootTLS        0000000180001f4c f   libemlrt:libemlrt.dll
 0001:00000f52       emlrtLeaveRtStackR2012b    0000000180001f52 f   libemlrt:libemlrt.dll
 0001:00000f58       emlrtCallMATLABR2012b      0000000180001f58 f   libemlrt:libemlrt.dll
 0001:00000f5e       emlrtAssign                0000000180001f5e f   libemlrt:libemlrt.dll
 0001:00000f64       emlrtInitCharArray         0000000180001f64 f   libemlrt:libemlrt.dll
 0001:00000f6a       emlrtDestroyArray          0000000180001f6a f   libemlrt:libemlrt.dll
 0001:00000f70       emlrtAlias                 0000000180001f70 f   libemlrt:libemlrt.dll
 0001:00000f76       emlrtPopRtStackR2012b      0000000180001f76 f   libemlrt:libemlrt.dll
 0001:00000f7c       emlrtPushRtStackR2012b     0000000180001f7c f   libemlrt:libemlrt.dll
 0001:00000f82       emlrtCheckBuiltInR2012b    0000000180001f82 f   libemlrt:libemlrt.dll
 0001:00000f88       emlrtAliasP                0000000180001f88 f   libemlrt:libemlrt.dll
 0001:00000f8e       emlrtReturnArrayR2009a     0000000180001f8e f   libemlrt:libemlrt.dll
 0001:00000f94       daxpy32                    0000000180001f94 f   libmwblascompat32:libmwblascompat32.dll
 0001:00000f9a       memset                     0000000180001f9a f   MSVCRT:MSVCR100.dll
 0001:00000fa0       memcpy                     0000000180001fa0 f   MSVCRT:MSVCR100.dll
 0001:00001008       _CRT_INIT                  0000000180002008 f   MSVCRT:crtdll.obj
 0001:000013a0       _DllMainCRTStartup         00000001800023a0 f   MSVCRT:crtdll.obj
 0001:000013e0       __clean_type_info_names    00000001800023e0 f   MSVCRT:tncleanup.obj
 0001:000013ec       _onexit                    00000001800023ec f   MSVCRT:atonexit.obj
 0001:0000149c       atexit                     000000018000249c f   MSVCRT:atonexit.obj
 0001:000014b4       _RTC_Initialize            00000001800024b4 f   MSVCRT:_initsect_.obj
 0001:000014ec       _RTC_Terminate             00000001800024ec f   MSVCRT:_initsect_.obj
 0001:00001530       _ValidateImageBase         0000000180002530 f   MSVCRT:pesect.obj
 0001:00001560       _FindPESection             0000000180002560 f   MSVCRT:pesect.obj
 0001:000015b0       _IsNonwritableInCurrentImage 00000001800025b0 f   MSVCRT:pesect.obj
 0001:000015f2       _initterm                  00000001800025f2 f   MSVCRT:MSVCR100.dll
 0001:000015f8       _initterm_e                00000001800025f8 f   MSVCRT:MSVCR100.dll
 0001:000015fe       _amsg_exit                 00000001800025fe f   MSVCRT:MSVCR100.dll
 0001:00001604       __C_specific_handler       0000000180002604 f   MSVCRT:MSVCR100.dll
 0001:0000160a       __CppXcptFilter            000000018000260a f   MSVCRT:MSVCR100.dll
 0001:00001610       DllMain                    0000000180002610 f   MSVCRT:dllmain.obj
 0001:00001634       __security_init_cookie     0000000180002634 f   MSVCRT:gs_support.obj
 0001:000016e8       __clean_type_info_names_internal 00000001800026e8 f   MSVCRT:MSVCR100.dll
 0001:000016ee       _unlock                    00000001800026ee f   MSVCRT:MSVCR100.dll
 0001:000016f4       __dllonexit                00000001800026f4 f   MSVCRT:MSVCR100.dll
 0001:000016fa       _lock                      00000001800026fa f   MSVCRT:MSVCR100.dll
 0002:00000000       __imp_GetSystemTimeAsFileTime 0000000180003000     kernel32:KERNEL32.dll
 0002:00000008       __imp_GetCurrentProcessId  0000000180003008     kernel32:KERNEL32.dll
 0002:00000010       __imp_GetCurrentThreadId   0000000180003010     kernel32:KERNEL32.dll
 0002:00000018       __imp_GetTickCount         0000000180003018     kernel32:KERNEL32.dll
 0002:00000020       __imp_QueryPerformanceCounter 0000000180003020     kernel32:KERNEL32.dll
 0002:00000028       __imp_DisableThreadLibraryCalls 0000000180003028     kernel32:KERNEL32.dll
 0002:00000030       __imp_Sleep                0000000180003030     kernel32:KERNEL32.dll
 0002:00000038       __imp_DecodePointer        0000000180003038     kernel32:KERNEL32.dll
 0002:00000040       __imp_EncodePointer        0000000180003040     kernel32:KERNEL32.dll
 0002:00000048       \177KERNEL32_NULL_THUNK_DATA 0000000180003048     kernel32:KERNEL32.dll
 0002:00000050       __imp__onexit              0000000180003050     MSVCRT:MSVCR100.dll
 0002:00000058       __imp__lock                0000000180003058     MSVCRT:MSVCR100.dll
 0002:00000060       __imp___dllonexit          0000000180003060     MSVCRT:MSVCR100.dll
 0002:00000068       __imp__unlock              0000000180003068     MSVCRT:MSVCR100.dll
 0002:00000070       __imp___clean_type_info_names_internal 0000000180003070     MSVCRT:MSVCR100.dll
 0002:00000078       __imp__amsg_exit           0000000180003078     MSVCRT:MSVCR100.dll
 0002:00000080       __imp__encoded_null        0000000180003080     MSVCRT:MSVCR100.dll
 0002:00000088       __imp_free                 0000000180003088     MSVCRT:MSVCR100.dll
 0002:00000090       __imp__initterm_e          0000000180003090     MSVCRT:MSVCR100.dll
 0002:00000098       __imp__initterm            0000000180003098     MSVCRT:MSVCR100.dll
 0002:000000a0       __imp__malloc_crt          00000001800030a0     MSVCRT:MSVCR100.dll
 0002:000000a8       __imp_memcpy               00000001800030a8     MSVCRT:MSVCR100.dll
 0002:000000b0       __imp___C_specific_handler 00000001800030b0     MSVCRT:MSVCR100.dll
 0002:000000b8       __imp_memset               00000001800030b8     MSVCRT:MSVCR100.dll
 0002:000000c0       __imp___CppXcptFilter      00000001800030c0     MSVCRT:MSVCR100.dll
 0002:000000c8       \177MSVCR100_NULL_THUNK_DATA 00000001800030c8     MSVCRT:MSVCR100.dll
 0002:000000d0       __imp_emlrtDestroyArray    00000001800030d0     libemlrt:libemlrt.dll
 0002:000000d8       __imp_emlrtAlias           00000001800030d8     libemlrt:libemlrt.dll
 0002:000000e0       __imp_emlrtPopRtStackR2012b 00000001800030e0     libemlrt:libemlrt.dll
 0002:000000e8       __imp_emlrtPushRtStackR2012b 00000001800030e8     libemlrt:libemlrt.dll
 0002:000000f0       __imp_emlrtCheckBuiltInR2012b 00000001800030f0     libemlrt:libemlrt.dll
 0002:000000f8       __imp_emlrtAliasP          00000001800030f8     libemlrt:libemlrt.dll
 0002:00000100       __imp_emlrtReturnArrayR2009a 0000000180003100     libemlrt:libemlrt.dll
 0002:00000108       __imp_emlrtInitCharArray   0000000180003108     libemlrt:libemlrt.dll
 0002:00000110       __imp_emlrtAssign          0000000180003110     libemlrt:libemlrt.dll
 0002:00000118       __imp_emlrtCallMATLABR2012b 0000000180003118     libemlrt:libemlrt.dll
 0002:00000120       __imp_emlrtDestroyRootTLS  0000000180003120     libemlrt:libemlrt.dll
 0002:00000128       __imp_emlrtGetBreakCheckFlagAddressR2012b 0000000180003128     libemlrt:libemlrt.dll
 0002:00000130       __imp_emlrtCreateRootTLS   0000000180003130     libemlrt:libemlrt.dll
 0002:00000138       __imp_emlrtClearAllocCountR2012b 0000000180003138     libemlrt:libemlrt.dll
 0002:00000140       __imp_emlrtEnterRtStackR2012b 0000000180003140     libemlrt:libemlrt.dll
 0002:00000148       __imp_emlrtLicenseCheckR2012b 0000000180003148     libemlrt:libemlrt.dll
 0002:00000150       __imp_emlrtFirstTimeR2012b 0000000180003150     libemlrt:libemlrt.dll
 0002:00000158       __imp_emlrtLeaveRtStackR2012b 0000000180003158     libemlrt:libemlrt.dll
 0002:00000160       \177libemlrt_NULL_THUNK_DATA 0000000180003160     libemlrt:libemlrt.dll
 0002:00000168       __imp_mexAtExit            0000000180003168     libmex:libmex.dll
 0002:00000170       __imp_mexErrMsgIdAndTxt    0000000180003170     libmex:libmex.dll
 0002:00000178       \177libmex_NULL_THUNK_DATA 0000000180003178     libmex:libmex.dll
 0002:00000180       __imp_daxpy32              0000000180003180     libmwblascompat32:libmwblascompat32.dll
 0002:00000188       \177libmwblascompat32_NULL_THUNK_DATA 0000000180003188     libmwblascompat32:libmwblascompat32.dll
 0002:00000190       __imp_mxCreateStructMatrix_700 0000000180003190     libmx:libmx.dll
 0002:00000198       __imp_mxCreateLogicalMatrix_700 0000000180003198     libmx:libmx.dll
 0002:000001a0       __imp_mxCreateString       00000001800031a0     libmx:libmx.dll
 0002:000001a8       __imp_mxSetFieldByNumber_700 00000001800031a8     libmx:libmx.dll
 0002:000001b0       __imp_mxCalloc             00000001800031b0     libmx:libmx.dll
 0002:000001b8       __imp_mxFree               00000001800031b8     libmx:libmx.dll
 0002:000001c0       __imp_mxGetData            00000001800031c0     libmx:libmx.dll
 0002:000001c8       __imp_mxCreateNumericArray_700 00000001800031c8     libmx:libmx.dll
 0002:000001d0       __imp_mxGetPr              00000001800031d0     libmx:libmx.dll
 0002:000001d8       __imp_mxCreateCharArray_700 00000001800031d8     libmx:libmx.dll
 0002:000001e0       __imp_mxCreateDoubleScalar 00000001800031e0     libmx:libmx.dll
 0002:000001e8       \177libmx_NULL_THUNK_DATA  00000001800031e8     libmx:libmx.dll
 0002:000001f0       __xc_a                     00000001800031f0     MSVCRT:cinitexe.obj
 0002:000001f8       __xc_z                     00000001800031f8     MSVCRT:cinitexe.obj
 0002:00000200       __xi_a                     0000000180003200     MSVCRT:cinitexe.obj
 0002:00000210       __xi_z                     0000000180003210     MSVCRT:cinitexe.obj
 0002:00000220       ??_C@_0FL@IGGADPMI@C?3?1Program?5Files?1MATLAB?1R2012b?1t@ 0000000180003220     myBERToolMex_data.obj
 0002:00000280       ??_C@_0BC@FJNDGBLE@eml_refblas_xaxpy?$AA@ 0000000180003280     myBERToolMex_data.obj
 0002:000002a0       ??_C@_0FJ@EEKGLGEE@C?3?1Program?5Files?1MATLAB?1R2012b?1t@ 00000001800032a0     myBERToolMex_data.obj
 0002:00000300       ??_C@_0P@IAIJPMNK@eml_blas_xaxpy?$AA@ 0000000180003300     myBERToolMex_data.obj
 0002:00000310       ??_C@_0P@OMHKOEBD@Signal_Toolbox?$AA@ 0000000180003310     myBERToolMex_initialize.obj
 0002:00000320       ??_C@_0EI@NFGHCPFB@?1?1ohcincefs01?1Space_IRAD?1ACarrol@ 0000000180003320     myBERToolMex.obj
 0002:00000368       ??_C@_0N@GDNCCBCE@myBERToolMex?$AA@ 0000000180003368     myBERToolMex.obj
 0002:000003a0       ??_C@_04NNIBFFLG@awgn?$AA@ 00000001800033a0     myBERToolMex.obj
 0002:000003a8       ??_C@_06EOIELIPE@filter?$AA@ 00000001800033a8     myBERToolMex.obj
 0002:000003b0       ??_C@_08ECGAFENE@upsample?$AA@ 00000001800033b0     myBERToolMex.obj
 0002:000003c0       __real@4024000000000000    00000001800033c0     myBERToolMex.obj
 0002:000003c8       __real@3ff0000000000000    00000001800033c8     myBERToolMex.obj
 0002:000003d0       ??_C@_0EL@JEHCDHIN@C?3?1Program?5Files?1MATLAB?1R2012b?1t@ 00000001800033d0     filter.obj
 0002:00000420       ??_C@_09JDOKOBCJ@eml_xaxpy?$AA@ 0000000180003420     filter.obj
 0002:00000430       ??_C@_0FL@KNLOBDFE@C?3?1Program?5Files?1MATLAB?1R2012b?1t@ 0000000180003430     filter.obj
 0002:00000490       ??_C@_0BP@OEONONCM@eml_int_forloop_overflow_check?$AA@ 0000000180003490     filter.obj
 0002:000004b0       ??_C@_0EH@CKIFNBDH@C?3?1Program?5Files?1MATLAB?1R2012b?1t@ 00000001800034b0     filter.obj
 0002:00000548       ??_C@_06BNJCAIGJ@double?$AA@ 0000000180003548     myBERToolMex_api.obj
 0002:00000550       ??_C@_03PIHBNCMP@snr?$AA@  0000000180003550     myBERToolMex_api.obj
 0002:00000558       ??_C@_08LDJADOHJ@HdInterp?$AA@ 0000000180003558     myBERToolMex_api.obj
 0002:00000564       ??_C@_04GNMEHCBO@HdRx?$AA@ 0000000180003564     myBERToolMex_api.obj
 0002:0000056c       ??_C@_04GJEJAOKM@HdTx?$AA@ 000000018000356c     myBERToolMex_api.obj
 0002:00000578       ??_C@_09MCLKIBNC@msgUpSamp?$AA@ 0000000180003578     myBERToolMex_api.obj
 0002:00000588       ??_C@_0CH@DLJMAEFE@emlcoder?3emlmex?3TooManyOutputArg@ 0000000180003588     myBERToolMex_mex.obj
 0002:000005b0       ??_C@_0DK@PCCMCFJP@Too?5many?5output?5arguments?5for?5en@ 00000001800035b0     myBERToolMex_mex.obj
 0002:000005f0       ??_C@_0CE@IHHIPLIO@emlcoder?3emlmex?3WrongNumberOfInp@ 00000001800035f0     myBERToolMex_mex.obj
 0002:00000618       ??_C@_0DC@OMGKEDJG@5?5inputs?5required?5for?5entry?9poin@ 0000000180003618     myBERToolMex_mex.obj
 0002:00000650       ??_C@_0BD@NDMMKFEF@8?40?40?4783?5?$CIR2012b?$CJ?$AA@ 0000000180003650     myBERToolMex_mex.obj
 0002:00000668       __real@4014000000000000    0000000180003668     myBERToolMex_mex.obj
 0002:00000670       ??_C@_0P@FDPDNMBC@ConstantInputs?$AA@ 0000000180003670     myBERToolMex_mex.obj
 0002:00000680       ??_C@_0BA@HBLCOFA@NumberOfOutputs?$AA@ 0000000180003680     myBERToolMex_mex.obj
 0002:00000690       ??_C@_0P@DJPKAEOC@NumberOfInputs?$AA@ 0000000180003690     myBERToolMex_mex.obj
 0002:000006a0       ??_C@_04FABLJDN@Name?$AA@  00000001800036a0     myBERToolMex_mex.obj
 0002:000006a8       ??_C@_0M@HOOGCLMJ@EntryPoints?$AA@ 00000001800036a8     myBERToolMex_mex.obj
 0002:000006b8       ??_C@_07NGFJPNPN@Version?$AA@ 00000001800036b8     myBERToolMex_mex.obj
 0002:000006c0       _pDefaultRawDllMain        00000001800036c0     MSVCRT:crtdll.obj
 0002:000006c0       _pRawDllMain               00000001800036c0     MSVCRT:crtdll.obj
 0002:000006c8       __rtc_iaa                  00000001800036c8     MSVCRT:_initsect_.obj
 0002:000006d0       __rtc_izz                  00000001800036d0     MSVCRT:_initsect_.obj
 0002:000006d8       __rtc_taa                  00000001800036d8     MSVCRT:_initsect_.obj
 0002:000006e0       __rtc_tzz                  00000001800036e0     MSVCRT:_initsect_.obj
 0002:00000860       __IMPORT_DESCRIPTOR_libmx  0000000180003860     libmx:libmx.dll
 0002:00000874       __IMPORT_DESCRIPTOR_libmex 0000000180003874     libmex:libmex.dll
 0002:00000888       __IMPORT_DESCRIPTOR_libemlrt 0000000180003888     libemlrt:libemlrt.dll
 0002:0000089c       __IMPORT_DESCRIPTOR_libmwblascompat32 000000018000389c     libmwblascompat32:libmwblascompat32.dll
 0002:000008b0       __IMPORT_DESCRIPTOR_MSVCR100 00000001800038b0     MSVCRT:MSVCR100.dll
 0002:000008c4       __IMPORT_DESCRIPTOR_KERNEL32 00000001800038c4     kernel32:KERNEL32.dll
 0002:000008d8       __NULL_IMPORT_DESCRIPTOR   00000001800038d8     libmx:libmx.dll
 0003:00000000       k_emlrtRSI                 0000000180005000     myBERToolMex_data.obj
 0003:00000018       m_emlrtRSI                 0000000180005018     myBERToolMex_data.obj
 0003:000001e0       emlrtContextGlobal         00000001800051e0     myBERToolMex_mex.obj
 0003:00000220       _fltused                   0000000180005220     MSVCRT:dllsupp.obj
 0003:00000224       __native_dllmain_reason    0000000180005224     MSVCRT:natstart.obj
 0003:00000228       __native_vcclrit_reason    0000000180005228     MSVCRT:natstart.obj
 0003:00000230       __security_cookie          0000000180005230     MSVCRT:gs_cookie.obj
 0003:00000238       __security_cookie_complement 0000000180005238     MSVCRT:gs_cookie.obj
 0003:00000248       emlrtRootTLSGlobal         0000000180005248     myBERToolMex_mex.obj
 0003:00000258       ?__type_info_root_node@@3U__type_info_node@@A 0000000180005258     MSVCRT:tncleanup.obj
 0003:00000268       __native_startup_state     0000000180005268     <common>
 0003:00000270       __native_startup_lock      0000000180005270     <common>
 0003:00000278       __onexitend                0000000180005278     <common>
 0003:00000280       __onexitbegin              0000000180005280     <common>
 0003:00000288       __dyn_tls_init_callback    0000000180005288     <common>

 entry point at        0001:000013a0

 Static symbols

 0001:000000f0       d_emlrt_marshallOut        00000001800010f0 f   myBERToolMex.obj
 0001:00000190       e_emlrt_marshallOut        0000000180001190 f   myBERToolMex.obj
 0001:00000270       emlrt_marshallOut          0000000180001270 f   myBERToolMex.obj
 0001:00000890       emlrt_marshallIn           0000000180001890 f   myBERToolMex_api.obj
 0001:00000940       c_emlrt_marshallIn         0000000180001940 f   myBERToolMex_api.obj
 0001:000009f0       e_emlrt_marshallIn         00000001800019f0 f   myBERToolMex_api.obj
 0001:00000aa0       g_emlrt_marshallIn         0000000180001aa0 f   myBERToolMex_api.obj
 0001:00000c40       myBERToolMex_mexFunction   0000000180001c40 f   myBERToolMex_mex.obj
 0001:00000fa8       pre_c_init                 0000000180001fa8 f   MSVCRT:crtdll.obj
 0001:00001264       __DllMainCRTStartup        0000000180002264 f   MSVCRT:crtdll.obj
 0001:00001700       __DllMainCRTStartup$filt$0 0000000180002700 f   MSVCRT:crtdll.obj
 0001:00001730       __DllMainCRTStartup$fin$1  0000000180002730 f   MSVCRT:crtdll.obj
 0001:0000174a       _onexit$fin$0              000000018000274a f   MSVCRT:atonexit.obj
 0001:00001770       _IsNonwritableInCurrentImage$filt$0 0000000180002770 f   MSVCRT:pesect.obj
